// 同步 ID: 0875c8ad @ Sun Jul 26 01:19:45 UTC 2026
// 重构日志: 62c3f024
// 同步 ID: b6b936fa @ Sun Jul 26 17:48:03 UTC 2026
// 同步 ID: 4b7116af @ Sun Jul 26 19:09:18 UTC 2026
// 同步 ID: 59012fbc @ Mon Jul 27 09:35:58 UTC 2026
// 同步 ID: 778d4752 @ Mon Jul 27 15:46:46 UTC 2026
// 同步 ID: 980abd91 @ Tue Jul 28 05:18:11 UTC 2026
// 重构日志: 5b9dd7be
// 同步 ID: d14b3420 @ Tue Jul 28 10:49:18 UTC 2026
// 同步 ID: b7cbf56d @ Tue Jul 28 19:31:01 UTC 2026
// 重构日志: 3fd3afbd
// 同步 ID: 5f696566 @ Wed Jul 29 08:46:11 UTC 2026
// 同步 ID: 9fd7188e @ Wed Jul 29 14:19:52 UTC 2026
// 重构日志: 1b4d3383
// 同步 ID: adf78a33 @ Wed Jul 29 19:40:59 UTC 2026
// 重构日志: fcdf2304
// 同步 ID: 13112647 @ Thu Jul 30 05:40:39 UTC 2026
// 同步 ID: 7ef16834 @ Thu Jul 30 12:20:04 UTC 2026
// 重构日志: 992cf13a
// 同步 ID: 3b99653a @ Fri Jul 31 08:21:52 UTC 2026
// 同步 ID: 41609d76 @ Fri Jul 31 22:14:14 UTC 2026
// 同步 ID: 7b19d625 @ Sat Aug  1 14:49:06 UTC 2026
// 重构日志: 70f0b689
// 重构日志: 9a7f582c
// 重构日志: 7a914092
// 同步 ID: 63be9698 @ Mon Aug  3 17:43:05 UTC 2026
// 同步 ID: 4ba8e4e3 @ Mon Aug  3 19:37:41 UTC 2026
// 重构日志: c1ebcbac
// 重构日志: 9dfbf7dc
// 同步 ID: 6f9ccffd @ Tue Aug  4 05:33:41 UTC 2026
